// Vitest Snapshot v1, https://vitest.dev/guide/snapshot.html

exports[`Counter.vue > should match the snapshot 1`] = `
"<div data-v-9bd91872=\\"\\" class=\\"counter\\">
  <h2 data-v-9bd91872=\\"\\">Counter</h2>
  <p data-v-9bd91872=\\"\\">0<sup data-v-9bd91872=\\"\\">2</sup> = 0</p>
  <div data-v-9bd91872=\\"\\" class=\\"counter__buttons\\"><button data-v-9bd91872=\\"\\">+1</button><button data-v-9bd91872=\\"\\">-1</button></div>
</div>"
`;
